<html>
<body>
<pre>
<h1>µVision Build Log</h1>
<h2>Tool Versions:</h2>
IDE-Version: µVision V5.29.0.0
Copyright (C) 2019 ARM Ltd and ARM Germany GmbH. All rights reserved.
License Information: wwdh hjdjw, jedje, LIC=----
 
Tool Versions:
Toolchain:       MDK-Lite  Version: 5.29.0.0
Toolchain Path:  C:\Keil_v5\ARM\ARMCC\Bin
C Compiler:      Armcc.exe V5.06 update 6 (build 750)
Assembler:       Armasm.exe V5.06 update 6 (build 750)
Linker/Locator:  ArmLink.exe V5.06 update 6 (build 750)
Library Manager: ArmAr.exe V5.06 update 6 (build 750)
Hex Converter:   FromElf.exe V5.06 update 6 (build 750)
CPU DLL:         SARMCM3.DLL V5.29.0.0
Dialog DLL:      DCM.DLL V1.17.3.0
Target DLL:      STLink\ST-LINKIII-KEIL_SWO.dll V3.0.7.0
Dialog DLL:      TCM.DLL V1.36.5.0
 
<h2>Project:</h2>
C:\Users\Notebook\Desktop\motor_1\MDK-ARM\motor_1.uvprojx
Project File Date:  04/02/2020

<h2>Output:</h2>
*** Using Compiler 'V5.06 update 6 (build 750)', folder: 'C:\Keil_v5\ARM\ARMCC\Bin'
Build target 'motor_1'
compiling main.c...
../Src/main.c(129): warning:  #223-D: function "sprintf" declared implicitly
          sprintf(rpm_str, "%0.0f\r\n", rpm);
../Src/main.c(143): warning:  #223-D: function "sprintf" declared implicitly
          sprintf(vitri_str, "%0.0f\r\n", vitri_deg);
../Src/main.c(208): warning:  #1035-D: single-precision operand implicitly converted to double-precision
      rpm = (float)pulse * 60 / 800 / 0.01;
../Src/main.c(216): warning:  #1035-D: single-precision operand implicitly converted to double-precision
          rpm = (float)(pulse - pre_pulse) * 60 / 800 / 0.01;
../Src/main.c(349): warning:  #223-D: function "strncmp" declared implicitly
              if (strncmp(&Rx_data_1[0], "I", 1) == 0)
../Src/main.c(361): warning:  #223-D: function "strncmp" declared implicitly
              if (strncmp(&Rx_data_1[0], "D", 1) == 0)
../Src/main.c(373): warning:  #223-D: function "strncmp" declared implicitly
              if (strncmp(&Rx_data_1[0], "s", 1) == 0)
../Src/main.c(382): warning:  #223-D: function "strncmp" declared implicitly
              if (strncmp(&Rx_data_1[0], "p", 1) == 0)
../Src/main.c(391): warning:  #223-D: function "strncmp" declared implicitly
              if (strncmp(&Rx_data_1[0], "S", 1) == 0)
../Src/main.c(395): warning:  #223-D: function "strncmp" declared implicitly
              if (strncmp(&Rx_data_1[0], "R", 1) == 0)
../Src/main.c(401): warning:  #223-D: function "strncmp" declared implicitly
              if (strncmp(&Rx_data_1[0], "L", 1) == 0)
../Src/main.c(407): warning:  #223-D: function "strncmp" declared implicitly
              if (strncmp(&Rx_data_1[0], "C", 1) == 0)
../Src/main.c: 12 warnings, 0 errors
linking...
Program Size: Code=13324 RO-data=448 RW-data=168 ZI-data=1464  
FromELF: creating hex file...
"motor_1\motor_1.axf" - 0 Error(s), 12 Warning(s).

<h2>Software Packages used:</h2>

Package Vendor: ARM
                http://www.keil.com/pack/ARM.CMSIS.5.6.0.pack
                ARM.CMSIS.5.6.0
                CMSIS (Cortex Microcontroller Software Interface Standard)
   * Component: CORE Version: 5.3.0

Package Vendor: Keil
                http://www.keil.com/pack/Keil.STM32F4xx_DFP.2.14.0.pack
                Keil.STM32F4xx_DFP.2.14.0
                STMicroelectronics STM32F4 Series Device Support, Drivers and Examples

<h2>Collection of Component include folders:</h2>
  .\RTE\_motor_1
  C:\Users\Notebook\AppData\Local\Arm\Packs\ARM\CMSIS\5.6.0\CMSIS\Core\Include
  C:\Users\Notebook\AppData\Local\Arm\Packs\Keil\STM32F4xx_DFP\2.14.0\Drivers\CMSIS\Device\ST\STM32F4xx\Include

<h2>Collection of Component Files used:</h2>

   * Component: ARM::CMSIS:CORE:5.3.0
Build Time Elapsed:  00:00:03
</pre>
</body>
</html>
